// Jest Snapshot v1, https://goo.gl/fbAQLP

exports[`index should render correctly 1`] = `
<p>
  Esto es un super index
</p>
`;
